<html>
<body>
<pre>
<h1>µVision Build Log</h1>
<h2>Project:</h2>
H:\EIT\EIT embedded\eit.uvproj
Project File Date:  03/25/2010

<h2>Output:</h2>
Build target 'MCBSTM32'
compiling menu.c...
menu.c(82): warning:  #223-D: function "EIT_NextConfig" declared implicitly
menu.c(83): warning:  #223-D: function "EIT_Progess" declared implicitly
compiling StimPattern.c...
compiling Switching.c...
compiling ADC.c...
compiling Serial.c...
Serial.c(22): error:  #5: cannot open source input file "OS.h": No such file or directory
compiling STM32_Init.c...
compiling main.c...
Target not created
Build target 'MCBSTM32'
compiling menu.c...
menu.c(83): warning:  #223-D: function "EIT_Progess" declared implicitly
compiling StimPattern.c...
compiling Serial.c...
compiling main.c...
linking...
.\Obj\eit.axf: Error: L6218E: Undefined symbol EIT_Progess (referred from menu.o).
Target not created
Build target 'MCBSTM32'
compiling menu.c...
menu.c(85): error:  #31: expression must have integral type
Target not created
Build target 'MCBSTM32'
compiling menu.c...
linking...
Program Size: Code=6312 RO-data=712 RW-data=44 ZI-data=1044  
".\Obj\eit.axf" - 0 Error(s), 0 Warning(s).
Build target 'MCBSTM32'
assembling STM32F10x.s...
compiling Retarget.c...
compiling menu.c...
compiling StimPattern.c...
compiling Switching.c...
compiling ADC.c...
compiling Serial.c...
compiling LCD.c...
compiling STM32_Init.c...
compiling main.c...
linking...
Program Size: Code=6312 RO-data=712 RW-data=44 ZI-data=1044  
".\Obj\eit.axf" - 0 Error(s), 0 Warning(s).
Build target 'MCBSTM32'
compiling OS.c...
OS.c(275): warning:  #177-D: variable "cpu_sr" was declared but never referenced
OS.c(278): warning:  #177-D: variable "profile" was declared but never referenced
OS.c(328): warning:  #177-D: variable "cpu_sr" was declared but never referenced
OS.c(329): warning:  #177-D: variable "firstExecution" was declared but never referenced
OS.c(330): warning:  #550-D: variable "thisTime" was set but never used
OS.c(331): warning:  #177-D: variable "profile" was declared but never referenced
OS.c(401): warning:  #177-D: variable "cpu_sr" was declared but never referenced
OS.c(402): warning:  #177-D: variable "profile" was declared but never referenced
OS.c(882): warning:  #177-D: variable "profile" was declared but never referenced
OS.c(918): warning:  #177-D: variable "cpu_sr" was declared but never referenced
OS.c(919): warning:  #177-D: variable "profile" was declared but never referenced
OS.c(1104): warning:  #177-D: variable "profile" was declared but never referenced
compiling main.c...
linking...
.\Obj\eit.axf: Error: L6218E: Undefined symbol main (referred from entry7.o).
Target not created
Build target 'MCBSTM32'
compiling OS.c...
OS.c(283): error:  #20: identifier "thisTime" is undefined
OS.c(323): warning:  #177-D: variable "firstExecution" was declared but never referenced
OS.c(324): warning:  #550-D: variable "thisTime" was set but never used
OS.c(388): warning:  #177-D: variable "cpu_sr" was declared but never referenced
OS.c(389): warning:  #177-D: variable "profile" was declared but never referenced
OS.c(869): warning:  #177-D: variable "profile" was declared but never referenced
OS.c(905): warning:  #177-D: variable "cpu_sr" was declared but never referenced
OS.c(906): warning:  #177-D: variable "profile" was declared but never referenced
OS.c(1091): warning:  #177-D: variable "profile" was declared but never referenced
Target not created
Build target 'MCBSTM32'
compiling OS.c...
OS.c(283): error:  #20: identifier "thisTime" is undefined
OS.c(316): warning:  #177-D: variable "firstExecution" was declared but never referenced
OS.c(317): warning:  #550-D: variable "thisTime" was set but never used
OS.c(382): warning:  #177-D: variable "cpu_sr" was declared but never referenced
OS.c(383): warning:  #177-D: variable "profile" was declared but never referenced
OS.c(863): warning:  #177-D: variable "profile" was declared but never referenced
OS.c(899): warning:  #177-D: variable "cpu_sr" was declared but never referenced
OS.c(900): warning:  #177-D: variable "profile" was declared but never referenced
OS.c(1085): warning:  #177-D: variable "profile" was declared but never referenced
Target not created
Build target 'MCBSTM32'
assembling STM32F10x.s...
compiling Retarget.c...
compiling menu.c...
compiling StimPattern.c...
compiling Switching.c...
compiling ADC.c...
compiling Serial.c...
compiling LCD.c...
compiling OS.c...
OS.c(315): warning:  #177-D: variable "thisTime" was declared but never referenced
OS.c(365): warning:  #177-D: variable "cpu_sr" was declared but never referenced
OS.c(366): warning:  #177-D: variable "profile" was declared but never referenced
OS.c(846): warning:  #177-D: variable "profile" was declared but never referenced
OS.c(882): warning:  #177-D: variable "cpu_sr" was declared but never referenced
OS.c(883): warning:  #177-D: variable "profile" was declared but never referenced
OS.c(1068): warning:  #177-D: variable "profile" was declared but never referenced
compiling STM32_Init.c...
compiling main.c...
linking...
.\Obj\eit.axf: Error: L6218E: Undefined symbol main (referred from entry7.o).
Target not created
Build target 'MCBSTM32'
assembling STM32F10x.s...
compiling Retarget.c...
compiling menu.c...
compiling StimPattern.c...
compiling Switching.c...
compiling ADC.c...
compiling Serial.c...
compiling LCD.c...
compiling OS.c...
compiling STM32_Init.c...
compiling main.c...
linking...
.\Obj\eit.axf: Error: L6218E: Undefined symbol main (referred from entry7.o).
Target not created
