<html>
<body>
<pre>
<h1>µVision Build Log</h1>
<h2>Project:</h2>
C:\Users\Brian\Desktop\EIT embedded\eit.uvproj
Project File Date:  04/22/2010

<h2>Output:</h2>
Build target 'MCBSTM32'
compiling Retarget.c...
compiling menu.c...
menu.c(95): warning:  #181-D: argument is incompatible with corresponding format string conversion
menu.c(38): warning:  #177-D: variable "adcDec" was declared but never referenced
compiling StimPattern.c...
compiling Switching.c...
compiling ADC.c...
compiling Serial.c...
compiling LCD.c...
compiling OS.c...
compiling STM32_Init.c...
compiling main.c...
main.c(185): warning:  #550-D: variable "runTime" was set but never used
compiling debugMain.c...
debugMain.c(25): warning:  #177-D: variable "message" was declared but never referenced
debugMain.c(28): warning:  #550-D: variable "adcDec" was set but never used
debugMain.c(54): warning:  #940-D: missing return statement at end of non-void function "debugMain"
linking...
Program Size: Code=8460 RO-data=396 RW-data=580 ZI-data=10820  
".\Obj\eit.axf" - 0 Error(s), 6 Warning(s).
Load "C:\\Users\\Brian\\Desktop\\EIT embedded\\Obj\\eit.AXF" 
Erase Done.
Programming Done.
Verify OK.
Build target 'MCBSTM32'
compiling main.c...
main.c(185): warning:  #550-D: variable "runTime" was set but never used
linking...
Program Size: Code=8468 RO-data=396 RW-data=580 ZI-data=10820  
".\Obj\eit.axf" - 0 Error(s), 1 Warning(s).
Load "C:\\Users\\Brian\\Desktop\\EIT embedded\\Obj\\eit.AXF" 
Erase Done.
Programming Done.
Verify OK.
Build target 'MCBSTM32'
compiling main.c...
main.c(185): warning:  #550-D: variable "runTime" was set but never used
main.c(358): warning:  #940-D: missing return statement at end of non-void function "FinalMain"
compiling debugMain.c...
debugMain.c(25): warning:  #177-D: variable "message" was declared but never referenced
debugMain.c(28): warning:  #550-D: variable "adcDec" was set but never used
linking...
Program Size: Code=9104 RO-data=584 RW-data=140 ZI-data=10404  
".\Obj\eit.axf" - 0 Error(s), 4 Warning(s).
Load "C:\\Users\\Brian\\Desktop\\EIT embedded\\Obj\\eit.AXF" 
Load "C:\\Users\\Brian\\Desktop\\EIT embedded\\Obj\\eit.AXF" 
Erase Done.
Programming Done.
Verify OK.
Build target 'MCBSTM32'
compiling Switching.c...
compiling main.c...
main.c(185): warning:  #550-D: variable "runTime" was set but never used
compiling debugMain.c...
debugMain.c(25): warning:  #177-D: variable "message" was declared but never referenced
debugMain.c(28): warning:  #550-D: variable "adcDec" was set but never used
debugMain.c(54): warning:  #940-D: missing return statement at end of non-void function "debugMain"
linking...
Program Size: Code=8448 RO-data=396 RW-data=580 ZI-data=10820  
".\Obj\eit.axf" - 0 Error(s), 4 Warning(s).
Load "C:\\Users\\Brian\\Desktop\\EIT embedded\\Obj\\eit.AXF" 
Erase Done.
Programming Done.
Verify OK.
Build target 'MCBSTM32'
compiling StimPattern.c...
linking...
Program Size: Code=8464 RO-data=396 RW-data=580 ZI-data=10820  
".\Obj\eit.axf" - 0 Error(s), 0 Warning(s).
Load "C:\\Users\\Brian\\Desktop\\EIT embedded\\Obj\\eit.AXF" 
Erase Done.
Programming Done.
Verify OK.
Build target 'MCBSTM32'
compiling main.c...
main.c(185): warning:  #550-D: variable "runTime" was set but never used
linking...
Program Size: Code=8464 RO-data=396 RW-data=580 ZI-data=10820  
".\Obj\eit.axf" - 0 Error(s), 1 Warning(s).
Load "C:\\Users\\Brian\\Desktop\\EIT embedded\\Obj\\eit.AXF" 
Erase Done.
Programming Done.
Verify OK.
Build target 'MCBSTM32'
compiling main.c...
main.c(185): warning:  #550-D: variable "runTime" was set but never used
main.c(359): warning:  #940-D: missing return statement at end of non-void function "FinalMain"
compiling debugMain.c...
debugMain.c(25): warning:  #177-D: variable "message" was declared but never referenced
debugMain.c(28): warning:  #550-D: variable "adcDec" was set but never used
linking...
Program Size: Code=9100 RO-data=584 RW-data=140 ZI-data=10404  
".\Obj\eit.axf" - 0 Error(s), 4 Warning(s).
Load "C:\\Users\\Brian\\Desktop\\EIT embedded\\Obj\\eit.AXF" 
Erase Done.
Programming Done.
Verify OK.
Build target 'MCBSTM32'
compiling main.c...
main.c(185): warning:  #550-D: variable "runTime" was set but never used
compiling debugMain.c...
debugMain.c(25): warning:  #177-D: variable "message" was declared but never referenced
debugMain.c(28): warning:  #550-D: variable "adcDec" was set but never used
debugMain.c(54): warning:  #940-D: missing return statement at end of non-void function "debugMain"
linking...
Program Size: Code=8464 RO-data=396 RW-data=580 ZI-data=10820  
".\Obj\eit.axf" - 0 Error(s), 4 Warning(s).
Load "C:\\Users\\Brian\\Desktop\\EIT embedded\\Obj\\eit.AXF" 
USB Communication Failure
Load "C:\\Users\\Brian\\Desktop\\EIT embedded\\Obj\\eit.AXF" 
Erase Done.
Programming Done.
Verify OK.
Build target 'MCBSTM32'
compiling main.c...
main.c(185): warning:  #550-D: variable "runTime" was set but never used
linking...
Program Size: Code=8456 RO-data=396 RW-data=580 ZI-data=10820  
".\Obj\eit.axf" - 0 Error(s), 1 Warning(s).
Load "C:\\Users\\Brian\\Desktop\\EIT embedded\\Obj\\eit.AXF" 
Erase Done.
Programming Done.
Verify OK.
Build target 'MCBSTM32'
compiling main.c...
main.c(185): warning:  #550-D: variable "runTime" was set but never used
linking...
Program Size: Code=8464 RO-data=396 RW-data=580 ZI-data=10820  
".\Obj\eit.axf" - 0 Error(s), 1 Warning(s).
Load "C:\\Users\\Brian\\Desktop\\EIT embedded\\Obj\\eit.AXF" 
Erase Done.
Programming Done.
Verify OK.
Load "C:\\Users\\Brian\\Desktop\\EIT embedded\\Obj\\eit.AXF" 
USB Communication Failure
Build target 'MCBSTM32'
compiling main.c...
main.c(185): warning:  #550-D: variable "runTime" was set but never used
main.c(359): warning:  #940-D: missing return statement at end of non-void function "FinalMain"
compiling debugMain.c...
debugMain.c(25): warning:  #177-D: variable "message" was declared but never referenced
debugMain.c(28): warning:  #550-D: variable "adcDec" was set but never used
linking...
Program Size: Code=9100 RO-data=584 RW-data=140 ZI-data=10404  
".\Obj\eit.axf" - 0 Error(s), 4 Warning(s).
Load "C:\\Users\\Brian\\Desktop\\EIT embedded\\Obj\\eit.AXF" 
Erase Done.
Programming Done.
Verify OK.
Build target 'MCBSTM32'
linking...
Program Size: Code=9100 RO-data=584 RW-data=140 ZI-data=10404  
".\Obj\eit.axf" - 0 Error(s), 0 Warning(s).
Load "C:\\Users\\Brian\\Desktop\\EIT embedded\\Obj\\eit.AXF" 
Erase Done.
Programming Done.
Verify OK.
Build target 'MCBSTM32'
compiling main.c...
main.c(185): warning:  #550-D: variable "runTime" was set but never used
compiling debugMain.c...
debugMain.c(25): warning:  #177-D: variable "message" was declared but never referenced
debugMain.c(28): warning:  #550-D: variable "adcDec" was set but never used
debugMain.c(54): warning:  #940-D: missing return statement at end of non-void function "debugMain"
linking...
Program Size: Code=8464 RO-data=396 RW-data=580 ZI-data=10820  
".\Obj\eit.axf" - 0 Error(s), 4 Warning(s).
Load "C:\\Users\\Brian\\Desktop\\EIT embedded\\Obj\\eit.AXF" 
Erase Done.
Programming Done.
Verify OK.
