ARM Linker, RVCT4.0 [Build 524] for uVision [Evaluation]

==============================================================================

Section Cross References

    stm32f10x.o(RESET) refers to stm32f10x.o(STACK) for __initial_sp
    stm32f10x.o(RESET) refers to stm32f10x.o(.text) for Reset_Handler
    stm32f10x.o(RESET) refers to os.o(.emb_text) for PendSV_Handler
    stm32f10x.o(RESET) refers to os.o(.text) for SysTick_Handler
    stm32f10x.o(RESET) refers to serial.o(.text) for USART1_IRQHandler
    stm32f10x.o(.text) refers to entry.o(.ARM.Collect$$$$00000000) for __main
    retarget.o(.text) refers to serial.o(.text) for Serial_SendChar
    menu.o(.text) refers (Special) to _scanf_int.o(.text) for _scanf_int
    menu.o(.text) refers to printf6.o(i.__0printf$6) for __2printf
    menu.o(.text) refers to serial.o(.text) for Serial_GetLine
    menu.o(.text) refers to strtok.o(.text) for strtok
    menu.o(.text) refers to strcmp.o(.text) for strcmp
    menu.o(.text) refers to __0sscanf.o(.text) for __0sscanf
    menu.o(.text) refers to switching.o(.text) for Switch_CurrentInjection
    menu.o(.text) refers to stimpattern.o(.text) for StimPattern_Next
    menu.o(.text) refers to adc.o(.text) for ADC_In
    menu.o(.text) refers to menu.o(.constdata) for .constdata
    menu.o(.constdata) refers (Special) to _scanf_int.o(.text) for _scanf_int
    stimpattern.o(.text) refers to printf6.o(i.__0printf$6) for __2printf
    stimpattern.o(.text) refers to switching.o(.text) for Switch_CurrentInjection
    stimpattern.o(.text) refers to stimpattern.o(.data) for .data
    serial.o(.text) refers to os.o(.text) for OS_Signal
    serial.o(.text) refers to getc.o(i.getc) for getc
    serial.o(.text) refers to printf6.o(i.__0printf$6) for __2printf
    serial.o(.text) refers to serial.o(.bss) for .bss
    serial.o(.text) refers to serial.o(.data) for .data
    serial.o(.text) refers to retarget.o(.data) for __stdin
    lcd.o(.text) refers to os.o(.text) for OS_bWait
    lcd.o(.text) refers to printf6.o(i.__0sprintf$6) for __2sprintf
    lcd.o(.text) refers to strlen.o(.text) for strlen
    lcd.o(.text) refers to lcd.o(.constdata) for SWAP_DATA
    lcd.o(.text) refers to lcd.o(.data) for .data
    os.o(.emb_text) refers to os.o(.data) for pendSVactive
    os.o(.text) refers to os.o(.emb_text) for OS_CPU_SR_Save
    os.o(.text) refers to os.o(.data) for RunPt
    os.o(.text) refers to os.o(.bss) for JitterHistogram1
    os.o(.text) refers to malloc.o(i.free) for free
    os.o(.text) refers to malloc.o(i.malloc) for malloc
    main.o(.text) refers to serial.o(.text) for Serial_SendChar
    main.o(.text) refers to os.o(.text) for OS_Signal
    main.o(.text) refers to adc.o(.text) for ADC_In
    main.o(.text) refers to lcd.o(.text) for LCD_PrintUInt
    main.o(.text) refers to stimpattern.o(.text) for StimPattern_Init
    main.o(.text) refers to stm32_init.o(.text) for stm32_Init
    main.o(.text) refers to main.o(.data) for MeasurementHalves
    main.o(.text) refers to main.o(.bss) for StoredMeasurements
    debugmain.o(.text) refers to adc.o(.text) for ADC_In
    debugmain.o(.text) refers to os.o(.text) for OS_Sleep
    debugmain.o(.text) refers to switching.o(.text) for Switch_Init
    debugmain.o(.text) refers to stm32_init.o(.text) for stm32_Init
    debugmain.o(.text) refers to serial.o(.text) for Serial_Open
    debugmain.o(.text) refers to menu.o(.text) for Menu_interp
    entry.o(.ARM.Collect$$$$00000000) refers (Special) to entry7.o(.ARM.Collect$$$$00000007) for _main_init
    entry.o(.ARM.Collect$$$$00000000) refers (Special) to entry5.o(.ARM.Collect$$$$00000004) for _main_scatterload
    entry.o(.ARM.Collect$$$$00000000) refers (Special) to entry2.o(.ARM.Collect$$$$00000001) for _main_stk
    getc.o(i.getc) refers to retarget.o(.text) for fgetc
    strtok.o(.text) refers to strtok.o(.data) for .data
    strtok_r.o(.text) refers to strtok_r.o(.data) for .data
    printfb.o(i.__0fprintf$bare) refers to printfb.o(i._printf_core) for _printf_core
    printfb.o(i.__0fprintf$bare) refers to retarget.o(.text) for fputc
    printfb.o(i.__0printf$bare) refers to printfb.o(i._printf_core) for _printf_core
    printfb.o(i.__0printf$bare) refers to retarget.o(.text) for fputc
    printfb.o(i.__0printf$bare) refers to retarget.o(.data) for __stdout
    printfb.o(i.__0snprintf$bare) refers to printfb.o(i._printf_core) for _printf_core
    printfb.o(i.__0snprintf$bare) refers to printfb.o(i._snputc) for _snputc
    printfb.o(i.__0sprintf$bare) refers to printfb.o(i._printf_core) for _printf_core
    printfb.o(i.__0sprintf$bare) refers to printfb.o(i._sputc) for _sputc
    printfb.o(i.__0vfprintf$bare) refers to printfb.o(i._printf_core) for _printf_core
    printfb.o(i.__0vfprintf$bare) refers to retarget.o(.text) for fputc
    printfb.o(i.__0vprintf$bare) refers to printfb.o(i._printf_core) for _printf_core
    printfb.o(i.__0vprintf$bare) refers to retarget.o(.text) for fputc
    printfb.o(i.__0vprintf$bare) refers to retarget.o(.data) for __stdout
    printfb.o(i.__0vsnprintf$bare) refers to printfb.o(i._printf_core) for _printf_core
    printfb.o(i.__0vsnprintf$bare) refers to printfb.o(i._snputc) for _snputc
    printfb.o(i.__0vsprintf$bare) refers to printfb.o(i._printf_core) for _printf_core
    printfb.o(i.__0vsprintf$bare) refers to printfb.o(i._sputc) for _sputc
    printf0.o(i.__0fprintf$0) refers to printf0.o(i._printf_core) for _printf_core
    printf0.o(i.__0fprintf$0) refers to retarget.o(.text) for fputc
    printf0.o(i.__0printf$0) refers to printf0.o(i._printf_core) for _printf_core
    printf0.o(i.__0printf$0) refers to retarget.o(.text) for fputc
    printf0.o(i.__0printf$0) refers to retarget.o(.data) for __stdout
    printf0.o(i.__0snprintf$0) refers to printf0.o(i._printf_core) for _printf_core
    printf0.o(i.__0snprintf$0) refers to printf0.o(i._snputc) for _snputc
    printf0.o(i.__0sprintf$0) refers to printf0.o(i._printf_core) for _printf_core
    printf0.o(i.__0sprintf$0) refers to printf0.o(i._sputc) for _sputc
    printf0.o(i.__0vfprintf$0) refers to printf0.o(i._printf_core) for _printf_core
    printf0.o(i.__0vfprintf$0) refers to retarget.o(.text) for fputc
    printf0.o(i.__0vprintf$0) refers to printf0.o(i._printf_core) for _printf_core
    printf0.o(i.__0vprintf$0) refers to retarget.o(.text) for fputc
    printf0.o(i.__0vprintf$0) refers to retarget.o(.data) for __stdout
    printf0.o(i.__0vsnprintf$0) refers to printf0.o(i._printf_core) for _printf_core
    printf0.o(i.__0vsnprintf$0) refers to printf0.o(i._snputc) for _snputc
    printf0.o(i.__0vsprintf$0) refers to printf0.o(i._printf_core) for _printf_core
    printf0.o(i.__0vsprintf$0) refers to printf0.o(i._sputc) for _sputc
    printf1.o(i.__0fprintf$1) refers to printf1.o(i._printf_core) for _printf_core
    printf1.o(i.__0fprintf$1) refers to retarget.o(.text) for fputc
    printf1.o(i.__0printf$1) refers to printf1.o(i._printf_core) for _printf_core
    printf1.o(i.__0printf$1) refers to retarget.o(.text) for fputc
    printf1.o(i.__0printf$1) refers to retarget.o(.data) for __stdout
    printf1.o(i.__0snprintf$1) refers to printf1.o(i._printf_core) for _printf_core
    printf1.o(i.__0snprintf$1) refers to printf1.o(i._snputc) for _snputc
    printf1.o(i.__0sprintf$1) refers to printf1.o(i._printf_core) for _printf_core
    printf1.o(i.__0sprintf$1) refers to printf1.o(i._sputc) for _sputc
    printf1.o(i.__0vfprintf$1) refers to printf1.o(i._printf_core) for _printf_core
    printf1.o(i.__0vfprintf$1) refers to retarget.o(.text) for fputc
    printf1.o(i.__0vprintf$1) refers to printf1.o(i._printf_core) for _printf_core
    printf1.o(i.__0vprintf$1) refers to retarget.o(.text) for fputc
    printf1.o(i.__0vprintf$1) refers to retarget.o(.data) for __stdout
    printf1.o(i.__0vsnprintf$1) refers to printf1.o(i._printf_core) for _printf_core
    printf1.o(i.__0vsnprintf$1) refers to printf1.o(i._snputc) for _snputc
    printf1.o(i.__0vsprintf$1) refers to printf1.o(i._printf_core) for _printf_core
    printf1.o(i.__0vsprintf$1) refers to printf1.o(i._sputc) for _sputc
    printf1.o(i._printf_core) refers to uidiv.o(.text) for __aeabi_uidivmod
    printf2.o(i.__0fprintf$2) refers to printf2.o(i._printf_core) for _printf_core
    printf2.o(i.__0fprintf$2) refers to retarget.o(.text) for fputc
    printf2.o(i.__0printf$2) refers to printf2.o(i._printf_core) for _printf_core
    printf2.o(i.__0printf$2) refers to retarget.o(.text) for fputc
    printf2.o(i.__0printf$2) refers to retarget.o(.data) for __stdout
    printf2.o(i.__0snprintf$2) refers to printf2.o(i._printf_core) for _printf_core
    printf2.o(i.__0snprintf$2) refers to printf2.o(i._snputc) for _snputc
    printf2.o(i.__0sprintf$2) refers to printf2.o(i._printf_core) for _printf_core
    printf2.o(i.__0sprintf$2) refers to printf2.o(i._sputc) for _sputc
    printf2.o(i.__0vfprintf$2) refers to printf2.o(i._printf_core) for _printf_core
    printf2.o(i.__0vfprintf$2) refers to retarget.o(.text) for fputc
    printf2.o(i.__0vprintf$2) refers to printf2.o(i._printf_core) for _printf_core
    printf2.o(i.__0vprintf$2) refers to retarget.o(.text) for fputc
    printf2.o(i.__0vprintf$2) refers to retarget.o(.data) for __stdout
    printf2.o(i.__0vsnprintf$2) refers to printf2.o(i._printf_core) for _printf_core
    printf2.o(i.__0vsnprintf$2) refers to printf2.o(i._snputc) for _snputc
    printf2.o(i.__0vsprintf$2) refers to printf2.o(i._printf_core) for _printf_core
    printf2.o(i.__0vsprintf$2) refers to printf2.o(i._sputc) for _sputc
    printf3.o(i.__0fprintf$3) refers to printf3.o(i._printf_core) for _printf_core
    printf3.o(i.__0fprintf$3) refers to retarget.o(.text) for fputc
    printf3.o(i.__0printf$3) refers to printf3.o(i._printf_core) for _printf_core
    printf3.o(i.__0printf$3) refers to retarget.o(.text) for fputc
    printf3.o(i.__0printf$3) refers to retarget.o(.data) for __stdout
    printf3.o(i.__0snprintf$3) refers to printf3.o(i._printf_core) for _printf_core
    printf3.o(i.__0snprintf$3) refers to printf3.o(i._snputc) for _snputc
    printf3.o(i.__0sprintf$3) refers to printf3.o(i._printf_core) for _printf_core
    printf3.o(i.__0sprintf$3) refers to printf3.o(i._sputc) for _sputc
    printf3.o(i.__0vfprintf$3) refers to printf3.o(i._printf_core) for _printf_core
    printf3.o(i.__0vfprintf$3) refers to retarget.o(.text) for fputc
    printf3.o(i.__0vprintf$3) refers to printf3.o(i._printf_core) for _printf_core
    printf3.o(i.__0vprintf$3) refers to retarget.o(.text) for fputc
    printf3.o(i.__0vprintf$3) refers to retarget.o(.data) for __stdout
    printf3.o(i.__0vsnprintf$3) refers to printf3.o(i._printf_core) for _printf_core
    printf3.o(i.__0vsnprintf$3) refers to printf3.o(i._snputc) for _snputc
    printf3.o(i.__0vsprintf$3) refers to printf3.o(i._printf_core) for _printf_core
    printf3.o(i.__0vsprintf$3) refers to printf3.o(i._sputc) for _sputc
    printf3.o(i._printf_core) refers to uidiv.o(.text) for __aeabi_uidivmod
    printf4.o(i.__0fprintf$4) refers to printf4.o(i._printf_core) for _printf_core
    printf4.o(i.__0fprintf$4) refers to retarget.o(.text) for fputc
    printf4.o(i.__0printf$4) refers to printf4.o(i._printf_core) for _printf_core
    printf4.o(i.__0printf$4) refers to retarget.o(.text) for fputc
    printf4.o(i.__0printf$4) refers to retarget.o(.data) for __stdout
    printf4.o(i.__0snprintf$4) refers to printf4.o(i._printf_core) for _printf_core
    printf4.o(i.__0snprintf$4) refers to printf4.o(i._snputc) for _snputc
    printf4.o(i.__0sprintf$4) refers to printf4.o(i._printf_core) for _printf_core
    printf4.o(i.__0sprintf$4) refers to printf4.o(i._sputc) for _sputc
    printf4.o(i.__0vfprintf$4) refers to printf4.o(i._printf_core) for _printf_core
    printf4.o(i.__0vfprintf$4) refers to retarget.o(.text) for fputc
    printf4.o(i.__0vprintf$4) refers to printf4.o(i._printf_core) for _printf_core
    printf4.o(i.__0vprintf$4) refers to retarget.o(.text) for fputc
    printf4.o(i.__0vprintf$4) refers to retarget.o(.data) for __stdout
    printf4.o(i.__0vsnprintf$4) refers to printf4.o(i._printf_core) for _printf_core
    printf4.o(i.__0vsnprintf$4) refers to printf4.o(i._snputc) for _snputc
    printf4.o(i.__0vsprintf$4) refers to printf4.o(i._printf_core) for _printf_core
    printf4.o(i.__0vsprintf$4) refers to printf4.o(i._sputc) for _sputc
    printf4.o(i._printf_core) refers to uldiv.o(.text) for __aeabi_uldivmod
    printf5.o(i.__0fprintf$5) refers to printf5.o(i._printf_core) for _printf_core
    printf5.o(i.__0fprintf$5) refers to retarget.o(.text) for fputc
    printf5.o(i.__0printf$5) refers to printf5.o(i._printf_core) for _printf_core
    printf5.o(i.__0printf$5) refers to retarget.o(.text) for fputc
    printf5.o(i.__0printf$5) refers to retarget.o(.data) for __stdout
    printf5.o(i.__0snprintf$5) refers to printf5.o(i._printf_core) for _printf_core
    printf5.o(i.__0snprintf$5) refers to printf5.o(i._snputc) for _snputc
    printf5.o(i.__0sprintf$5) refers to printf5.o(i._printf_core) for _printf_core
    printf5.o(i.__0sprintf$5) refers to printf5.o(i._sputc) for _sputc
    printf5.o(i.__0vfprintf$5) refers to printf5.o(i._printf_core) for _printf_core
    printf5.o(i.__0vfprintf$5) refers to retarget.o(.text) for fputc
    printf5.o(i.__0vprintf$5) refers to printf5.o(i._printf_core) for _printf_core
    printf5.o(i.__0vprintf$5) refers to retarget.o(.text) for fputc
    printf5.o(i.__0vprintf$5) refers to retarget.o(.data) for __stdout
    printf5.o(i.__0vsnprintf$5) refers to printf5.o(i._printf_core) for _printf_core
    printf5.o(i.__0vsnprintf$5) refers to printf5.o(i._snputc) for _snputc
    printf5.o(i.__0vsprintf$5) refers to printf5.o(i._printf_core) for _printf_core
    printf5.o(i.__0vsprintf$5) refers to printf5.o(i._sputc) for _sputc
    printf5.o(i._printf_core) refers to uldiv.o(.text) for __aeabi_uldivmod
    printf6.o(i.__0fprintf$6) refers to printf6.o(i._printf_core) for _printf_core
    printf6.o(i.__0fprintf$6) refers to retarget.o(.text) for fputc
    printf6.o(i.__0printf$6) refers to printf6.o(i._printf_core) for _printf_core
    printf6.o(i.__0printf$6) refers to retarget.o(.text) for fputc
    printf6.o(i.__0printf$6) refers to retarget.o(.data) for __stdout
    printf6.o(i.__0snprintf$6) refers to printf6.o(i._printf_core) for _printf_core
    printf6.o(i.__0snprintf$6) refers to printf6.o(i._snputc) for _snputc
    printf6.o(i.__0sprintf$6) refers to printf6.o(i._printf_core) for _printf_core
    printf6.o(i.__0sprintf$6) refers to printf6.o(i._sputc) for _sputc
    printf6.o(i.__0vfprintf$6) refers to printf6.o(i._printf_core) for _printf_core
    printf6.o(i.__0vfprintf$6) refers to retarget.o(.text) for fputc
    printf6.o(i.__0vprintf$6) refers to printf6.o(i._printf_core) for _printf_core
    printf6.o(i.__0vprintf$6) refers to retarget.o(.text) for fputc
    printf6.o(i.__0vprintf$6) refers to retarget.o(.data) for __stdout
    printf6.o(i.__0vsnprintf$6) refers to printf6.o(i._printf_core) for _printf_core
    printf6.o(i.__0vsnprintf$6) refers to printf6.o(i._snputc) for _snputc
    printf6.o(i.__0vsprintf$6) refers to printf6.o(i._printf_core) for _printf_core
    printf6.o(i.__0vsprintf$6) refers to printf6.o(i._sputc) for _sputc
    printf6.o(i._printf_core) refers to printf6.o(i._printf_pre_padding) for _printf_pre_padding
    printf6.o(i._printf_core) refers to uidiv.o(.text) for __aeabi_uidivmod
    printf6.o(i._printf_core) refers to printf6.o(i._printf_post_padding) for _printf_post_padding
    printf7.o(i.__0fprintf$7) refers to printf7.o(i._printf_core) for _printf_core
    printf7.o(i.__0fprintf$7) refers to retarget.o(.text) for fputc
    printf7.o(i.__0printf$7) refers to printf7.o(i._printf_core) for _printf_core
    printf7.o(i.__0printf$7) refers to retarget.o(.text) for fputc
    printf7.o(i.__0printf$7) refers to retarget.o(.data) for __stdout
    printf7.o(i.__0snprintf$7) refers to printf7.o(i._printf_core) for _printf_core
    printf7.o(i.__0snprintf$7) refers to printf7.o(i._snputc) for _snputc
    printf7.o(i.__0sprintf$7) refers to printf7.o(i._printf_core) for _printf_core
    printf7.o(i.__0sprintf$7) refers to printf7.o(i._sputc) for _sputc
    printf7.o(i.__0vfprintf$7) refers to printf7.o(i._printf_core) for _printf_core
    printf7.o(i.__0vfprintf$7) refers to retarget.o(.text) for fputc
    printf7.o(i.__0vprintf$7) refers to printf7.o(i._printf_core) for _printf_core
    printf7.o(i.__0vprintf$7) refers to retarget.o(.text) for fputc
    printf7.o(i.__0vprintf$7) refers to retarget.o(.data) for __stdout
    printf7.o(i.__0vsnprintf$7) refers to printf7.o(i._printf_core) for _printf_core
    printf7.o(i.__0vsnprintf$7) refers to printf7.o(i._snputc) for _snputc
    printf7.o(i.__0vsprintf$7) refers to printf7.o(i._printf_core) for _printf_core
    printf7.o(i.__0vsprintf$7) refers to printf7.o(i._sputc) for _sputc
    printf7.o(i._printf_core) refers to printf7.o(i._printf_pre_padding) for _printf_pre_padding
    printf7.o(i._printf_core) refers to uldiv.o(.text) for __aeabi_uldivmod
    printf7.o(i._printf_core) refers to printf7.o(i._printf_post_padding) for _printf_post_padding
    printf8.o(i.__0fprintf$8) refers to printf8.o(i._printf_core) for _printf_core
    printf8.o(i.__0fprintf$8) refers to retarget.o(.text) for fputc
    printf8.o(i.__0printf$8) refers to printf8.o(i._printf_core) for _printf_core
    printf8.o(i.__0printf$8) refers to retarget.o(.text) for fputc
    printf8.o(i.__0printf$8) refers to retarget.o(.data) for __stdout
    printf8.o(i.__0snprintf$8) refers to printf8.o(i._printf_core) for _printf_core
    printf8.o(i.__0snprintf$8) refers to printf8.o(i._snputc) for _snputc
    printf8.o(i.__0sprintf$8) refers to printf8.o(i._printf_core) for _printf_core
    printf8.o(i.__0sprintf$8) refers to printf8.o(i._sputc) for _sputc
    printf8.o(i.__0vfprintf$8) refers to printf8.o(i._printf_core) for _printf_core
    printf8.o(i.__0vfprintf$8) refers to retarget.o(.text) for fputc
    printf8.o(i.__0vprintf$8) refers to printf8.o(i._printf_core) for _printf_core
    printf8.o(i.__0vprintf$8) refers to retarget.o(.text) for fputc
    printf8.o(i.__0vprintf$8) refers to retarget.o(.data) for __stdout
    printf8.o(i.__0vsnprintf$8) refers to printf8.o(i._printf_core) for _printf_core
    printf8.o(i.__0vsnprintf$8) refers to printf8.o(i._snputc) for _snputc
    printf8.o(i.__0vsprintf$8) refers to printf8.o(i._printf_core) for _printf_core
    printf8.o(i.__0vsprintf$8) refers to printf8.o(i._sputc) for _sputc
    printf8.o(i._printf_core) refers to printf8.o(i._printf_pre_padding) for _printf_pre_padding
    printf8.o(i._printf_core) refers to uldiv.o(.text) for __aeabi_uldivmod
    printf8.o(i._printf_core) refers to printf8.o(i._printf_post_padding) for _printf_post_padding
    printfa.o(i.__0fprintf) refers (Special) to iusefp.o(.text) for __I$use$fp
    printfa.o(i.__0fprintf) refers to printfa.o(i._printf_core) for _printf_core
    printfa.o(i.__0fprintf) refers to retarget.o(.text) for fputc
    printfa.o(i.__0printf) refers (Special) to iusefp.o(.text) for __I$use$fp
    printfa.o(i.__0printf) refers to printfa.o(i._printf_core) for _printf_core
    printfa.o(i.__0printf) refers to retarget.o(.text) for fputc
    printfa.o(i.__0printf) refers to retarget.o(.data) for __stdout
    printfa.o(i.__0snprintf) refers (Special) to iusefp.o(.text) for __I$use$fp
    printfa.o(i.__0snprintf) refers to printfa.o(i._printf_core) for _printf_core
    printfa.o(i.__0snprintf) refers to printfa.o(i._snputc) for _snputc
    printfa.o(i.__0sprintf) refers (Special) to iusefp.o(.text) for __I$use$fp
    printfa.o(i.__0sprintf) refers to printfa.o(i._printf_core) for _printf_core
    printfa.o(i.__0sprintf) refers to printfa.o(i._sputc) for _sputc
    printfa.o(i.__0vfprintf) refers (Special) to iusefp.o(.text) for __I$use$fp
    printfa.o(i.__0vfprintf) refers to printfa.o(i._printf_core) for _printf_core
    printfa.o(i.__0vfprintf) refers to retarget.o(.text) for fputc
    printfa.o(i.__0vprintf) refers (Special) to iusefp.o(.text) for __I$use$fp
    printfa.o(i.__0vprintf) refers to printfa.o(i._printf_core) for _printf_core
    printfa.o(i.__0vprintf) refers to retarget.o(.text) for fputc
    printfa.o(i.__0vprintf) refers to retarget.o(.data) for __stdout
    printfa.o(i.__0vsnprintf) refers (Special) to iusefp.o(.text) for __I$use$fp
    printfa.o(i.__0vsnprintf) refers to printfa.o(i._printf_core) for _printf_core
    printfa.o(i.__0vsnprintf) refers to printfa.o(i._snputc) for _snputc
    printfa.o(i.__0vsprintf) refers (Special) to iusefp.o(.text) for __I$use$fp
    printfa.o(i.__0vsprintf) refers to printfa.o(i._printf_core) for _printf_core
    printfa.o(i.__0vsprintf) refers to printfa.o(i._sputc) for _sputc
    printfa.o(i._fp_digits) refers (Special) to iusefp.o(.text) for __I$use$fp
    printfa.o(i._fp_digits) refers to dmul.o(.text) for __aeabi_dmul
    printfa.o(i._fp_digits) refers to ddiv.o(.text) for __aeabi_ddiv
    printfa.o(i._fp_digits) refers to cdrcmple.o(.text) for __aeabi_cdrcmple
    printfa.o(i._fp_digits) refers to dadd.o(.text) for __aeabi_dadd
    printfa.o(i._fp_digits) refers to dfixul.o(.text) for __aeabi_d2ulz
    printfa.o(i._fp_digits) refers to uldiv.o(.text) for __aeabi_uldivmod
    printfa.o(i._printf_core) refers (Special) to iusefp.o(.text) for __I$use$fp
    printfa.o(i._printf_core) refers to printfa.o(i._printf_pre_padding) for _printf_pre_padding
    printfa.o(i._printf_core) refers to uldiv.o(.text) for __aeabi_uldivmod
    printfa.o(i._printf_core) refers to printfa.o(i._printf_post_padding) for _printf_post_padding
    printfa.o(i._printf_core) refers to printfa.o(i._fp_digits) for _fp_digits
    printfa.o(i._printf_core) refers to uidiv.o(.text) for __aeabi_uidivmod
    printfa.o(i._printf_post_padding) refers (Special) to iusefp.o(.text) for __I$use$fp
    printfa.o(i._printf_pre_padding) refers (Special) to iusefp.o(.text) for __I$use$fp
    printfa.o(i._snputc) refers (Special) to iusefp.o(.text) for __I$use$fp
    printfa.o(i._sputc) refers (Special) to iusefp.o(.text) for __I$use$fp
    malloc.o(i.free) refers to mvars.o(.data) for __microlib_freelist
    malloc.o(i.malloc) refers to mvars.o(.data) for __microlib_freelist_initialised
    malloc.o(i.malloc) refers to mvars.o(.data) for __microlib_freelist
    malloc.o(i.malloc) refers to stm32f10x.o(HEAP) for __heap_base
    mallocr.o(i.__free$realloc) refers to mvars.o(.data) for __microlib_freelist
    mallocr.o(i.__malloc$realloc) refers to mallocr.o(i.internal_alloc) for internal_alloc
    mallocr.o(i.__malloc$realloc) refers to mvars.o(.data) for __microlib_freelist_initialised
    mallocr.o(i.__malloc$realloc) refers to stm32f10x.o(HEAP) for __heap_base
    mallocr.o(i.__malloc$realloc) refers to mvars.o(.data) for __microlib_freelist
    mallocr.o(i.internal_alloc) refers to memcpya.o(.text) for __aeabi_memcpy
    mallocr.o(i.internal_alloc) refers to mvars.o(.data) for __microlib_freelist
    mallocr.o(i.realloc) refers to mallocr.o(i.__malloc$realloc) for __malloc$realloc
    mallocr.o(i.realloc) refers to mallocr.o(i.__free$realloc) for __free$realloc
    mallocr.o(i.realloc) refers to mallocr.o(i.internal_alloc) for internal_alloc
    mallocr.o(i.realloc) refers to mvars.o(.data) for __microlib_freelist
    __0sscanf.o(.text) refers to scanf_char.o(.text) for __vfscanf_char
    __0sscanf.o(.text) refers to _sgetc.o(.text) for _sgetc
    _scanf_int.o(.text) refers to _chval.o(.text) for _chval
    entry2.o(.ARM.Collect$$$$00000001) refers to entry2.o(.ARM.Collect$$$$00002712) for __lit__00000000
    entry2.o(.ARM.Collect$$$$00002712) refers to stm32f10x.o(STACK) for __initial_sp
    entry2.o(__vectab_stack_and_reset_area) refers to stm32f10x.o(STACK) for __initial_sp
    entry2.o(__vectab_stack_and_reset_area) refers to entry.o(.ARM.Collect$$$$00000000) for __main
    entry5.o(.ARM.Collect$$$$00000004) refers to init.o(.text) for __scatterload
    entry7.o(.ARM.Collect$$$$00000007) refers to main.o(.text) for main
    uldiv.o(.text) refers to llushr.o(.text) for __aeabi_llsr
    uldiv.o(.text) refers to llshl.o(.text) for __aeabi_llsl
    scanf_char.o(.text) refers to _scanf.o(.text) for __vfscanf
    scanf_char.o(.text) refers to isspace_c.o(.text) for isspace
    dadd.o(.text) refers to llushr.o(.text) for __aeabi_llsr
    dadd.o(.text) refers to llshl.o(.text) for __aeabi_llsl
    dadd.o(.text) refers to depilogue.o(.text) for _double_epilogue
    dmul.o(.text) refers to depilogue.o(.text) for _double_epilogue
    ddiv.o(.text) refers to depilogue.o(.text) for _double_epilogue
    dfixul.o(.text) refers to llushr.o(.text) for __aeabi_llsr
    dfixul.o(.text) refers to llshl.o(.text) for __aeabi_llsl
    init.o(.text) refers to entry5.o(.ARM.Collect$$$$00000004) for __main_after_scatterload
    isspace_c.o(.text) refers to ctype_c.o(.text) for __ctype_lookup
    _scanf.o(.text) refers (Weak) to _scanf_int.o(.text) for _scanf_int
    ctype_c.o(.text) refers to ctype_c.o(.constdata) for .constdata


==============================================================================

Removing Unused input sections from the image.

    Removing menu.o(.text), (1092 bytes).
    Removing menu.o(.constdata), (250 bytes).
    Removing debugmain.o(.text), (100 bytes).
    Removing dadd.o(.text), (414 bytes).
    Removing dmul.o(.text), (232 bytes).
    Removing ddiv.o(.text), (248 bytes).
    Removing dfixul.o(.text), (50 bytes).
    Removing cdrcmple.o(.text), (76 bytes).
    Removing depilogue.o(.text), (200 bytes).

9 unused section(s) (total 2662 bytes) removed from the image.

==============================================================================

Image Symbol Table

    Local Symbols

    Symbol Name                              Value     Ov Type        Size  Object(Section)

    ../../../cmprslib/zerorunl2.c            0x00000000   Number         0  __dczerorl2.o ABSOLUTE
    ../../microlib/ctype/ctype.c             0x00000000   Number         0  ctype_c.o ABSOLUTE
    ../../microlib/ctype/ctype.c             0x00000000   Number         0  isspace_c.o ABSOLUTE
    ../../microlib/division.c                0x00000000   Number         0  uldiv.o ABSOLUTE
    ../../microlib/division.c                0x00000000   Number         0  uidiv.o ABSOLUTE
    ../../microlib/fpadd.c                   0x00000000   Number         0  dadd.o ABSOLUTE
    ../../microlib/fpdiv.c                   0x00000000   Number         0  ddiv.o ABSOLUTE
    ../../microlib/fpepilogue.c              0x00000000   Number         0  depilogue.o ABSOLUTE
    ../../microlib/fpfix.c                   0x00000000   Number         0  dfixul.o ABSOLUTE
    ../../microlib/fpmul.c                   0x00000000   Number         0  dmul.o ABSOLUTE
    ../../microlib/init/entry.s              0x00000000   Number         0  entry.o ABSOLUTE
    ../../microlib/init/entry.s              0x00000000   Number         0  entry7.o ABSOLUTE
    ../../microlib/init/entry.s              0x00000000   Number         0  entry5.o ABSOLUTE
    ../../microlib/init/entry.s              0x00000000   Number         0  entry2.o ABSOLUTE
    ../../microlib/longlong.c                0x00000000   Number         0  llshl.o ABSOLUTE
    ../../microlib/longlong.c                0x00000000   Number         0  llushr.o ABSOLUTE
    ../../microlib/malloc/malloc.c           0x00000000   Number         0  malloc.o ABSOLUTE
    ../../microlib/malloc/malloc.c           0x00000000   Number         0  mallocr.o ABSOLUTE
    ../../microlib/malloc/mvars.c            0x00000000   Number         0  mvars.o ABSOLUTE
    ../../microlib/printf/printf.c           0x00000000   Number         0  printfa.o ABSOLUTE
    ../../microlib/printf/printf.c           0x00000000   Number         0  printf8.o ABSOLUTE
    ../../microlib/printf/printf.c           0x00000000   Number         0  printf7.o ABSOLUTE
    ../../microlib/printf/printf.c           0x00000000   Number         0  printf6.o ABSOLUTE
    ../../microlib/printf/printf.c           0x00000000   Number         0  printf5.o ABSOLUTE
    ../../microlib/printf/printf.c           0x00000000   Number         0  printf4.o ABSOLUTE
    ../../microlib/printf/printf.c           0x00000000   Number         0  printf3.o ABSOLUTE
    ../../microlib/printf/printf.c           0x00000000   Number         0  printf1.o ABSOLUTE
    ../../microlib/printf/printf.c           0x00000000   Number         0  printf0.o ABSOLUTE
    ../../microlib/printf/printf.c           0x00000000   Number         0  printfb.o ABSOLUTE
    ../../microlib/printf/printf.c           0x00000000   Number         0  printf2.o ABSOLUTE
    ../../microlib/printf/stubs.s            0x00000000   Number         0  stubs.o ABSOLUTE
    ../../microlib/stdio/getc.c              0x00000000   Number         0  getc.o ABSOLUTE
    ../../microlib/string/memcpy.c           0x00000000   Number         0  memcpyb.o ABSOLUTE
    ../../microlib/string/memcpy.c           0x00000000   Number         0  memcpya.o ABSOLUTE
    ../../microlib/string/strcmp.c           0x00000000   Number         0  strcmp.o ABSOLUTE
    ../../microlib/string/strlen.c           0x00000000   Number         0  strlen.o ABSOLUTE
    ../../microlib/string/strtok.c           0x00000000   Number         0  strtok.o ABSOLUTE
    ../../microlib/string/strtok.c           0x00000000   Number         0  strtok_r.o ABSOLUTE
    ../../microlib/stubs.s                   0x00000000   Number         0  useno.o ABSOLUTE
    ../../microlib/stubs.s                   0x00000000   Number         0  iusefp.o ABSOLUTE
    ../../scanf.c                            0x00000000   Number         0  scanf_char.o ABSOLUTE
    ../../scanf.c                            0x00000000   Number         0  __0sscanf.o ABSOLUTE
    ../../scanf.c                            0x00000000   Number         0  _scanf.o ABSOLUTE
    ../../scanf.c                            0x00000000   Number         0  _sgetc.o ABSOLUTE
    ../../scanf.c                            0x00000000   Number         0  _scanf_int.o ABSOLUTE
    ../../scanf.c                            0x00000000   Number         0  _chval.o ABSOLUTE
    ADC.c                                    0x00000000   Number         0  adc.o ABSOLUTE
    LCD.c                                    0x00000000   Number         0  lcd.o ABSOLUTE
    OS.c                                     0x00000000   Number         0  os.o ABSOLUTE
    OS.c                                     0x00000000   Number         0  os.o ABSOLUTE
    Retarget.c                               0x00000000   Number         0  retarget.o ABSOLUTE
    STM32F10x.s                              0x00000000   Number         0  stm32f10x.o ABSOLUTE
    STM32_Init.c                             0x00000000   Number         0  stm32_init.o ABSOLUTE
    Serial.c                                 0x00000000   Number         0  serial.o ABSOLUTE
    StimPattern.c                            0x00000000   Number         0  stimpattern.o ABSOLUTE
    Switching.c                              0x00000000   Number         0  switching.o ABSOLUTE
    cdrcmple.s                               0x00000000   Number         0  cdrcmple.o ABSOLUTE
    dc.s                                     0x00000000   Number         0  dc.o ABSOLUTE
    debugMain.c                              0x00000000   Number         0  debugmain.o ABSOLUTE
    handlers.s                               0x00000000   Number         0  handlers.o ABSOLUTE
    init.s                                   0x00000000   Number         0  init.o ABSOLUTE
    main.c                                   0x00000000   Number         0  main.o ABSOLUTE
    menu.c                                   0x00000000   Number         0  menu.o ABSOLUTE
    RESET                                    0x08000000   Section      236  stm32f10x.o(RESET)
    .ARM.Collect$$$$00000000                 0x080000ec   Section        0  entry.o(.ARM.Collect$$$$00000000)
    .ARM.Collect$$$$00000001                 0x080000ec   Section        4  entry2.o(.ARM.Collect$$$$00000001)
    .ARM.Collect$$$$00000004                 0x080000f0   Section        4  entry5.o(.ARM.Collect$$$$00000004)
    .ARM.Collect$$$$00000007                 0x080000f4   Section        8  entry7.o(.ARM.Collect$$$$00000007)
    .ARM.Collect$$$$00002712                 0x080000fc   Section        4  entry2.o(.ARM.Collect$$$$00002712)
    __lit__00000000                          0x080000fc   Data           4  entry2.o(.ARM.Collect$$$$00002712)
    .emb_text                                0x08000100   Section      100  os.o(.emb_text)
    .text                                    0x08000164   Section       28  stm32f10x.o(.text)
    .text                                    0x08000180   Section       48  retarget.o(.text)
    .text                                    0x080001b0   Section      804  stimpattern.o(.text)
    newCurrentElectrodes                     0x0800027d   Thumb Code   120  stimpattern.o(.text)
    .text                                    0x080004d4   Section      248  switching.o(.text)
    .text                                    0x080005cc   Section      124  adc.o(.text)
    .text                                    0x08000648   Section      412  serial.o(.text)
    .text                                    0x080007e4   Section     1032  lcd.o(.text)
    delay                                    0x080007e5   Thumb Code    14  lcd.o(.text)
    lcdReadStatus                            0x080007f3   Thumb Code   170  lcd.o(.text)
    waitWhileBusy                            0x0800089d   Thumb Code    16  lcd.o(.text)
    lcdWrite4Bit                             0x080008ad   Thumb Code    76  lcd.o(.text)
    lcdWriteCmd                              0x080008f9   Thumb Code    34  lcd.o(.text)
    lcdWriteData                             0x0800091b   Thumb Code    34  lcd.o(.text)
    setCursor                                0x08000949   Thumb Code    78  lcd.o(.text)
    print                                    0x08000997   Thumb Code    58  lcd.o(.text)
    .text                                    0x08000bec   Section     2916  os.o(.text)
    setPriority                              0x08000bed   Thumb Code    56  os.o(.text)
    .text                                    0x08001750   Section      536  stm32_init.o(.text)
    stm32_UsartSetup                         0x08001857   Thumb Code   216  stm32_init.o(.text)
    .text                                    0x08001968   Section      860  main.o(.text)
    .text                                    0x08001cc4   Section       16  strlen.o(.text)
    .text                                    0x08001cd4   Section       44  uidiv.o(.text)
    .text                                    0x08001d00   Section       36  init.o(.text)
    .text                                    0x08001d24   Section       88  __dczerorl2.o(.text)
    i.__0printf$6                            0x08001d7c   Section       32  printf6.o(i.__0printf$6)
    i.__0sprintf$6                           0x08001d9c   Section       40  printf6.o(i.__0sprintf$6)
    i.__scatterload_copy                     0x08001dc4   Section       14  handlers.o(i.__scatterload_copy)
    i.__scatterload_null                     0x08001dd2   Section        2  handlers.o(i.__scatterload_null)
    i.__scatterload_zeroinit                 0x08001dd4   Section       14  handlers.o(i.__scatterload_zeroinit)
    i._printf_core                           0x08001de4   Section      764  printf6.o(i._printf_core)
    _printf_core                             0x08001de5   Thumb Code   760  printf6.o(i._printf_core)
    i._printf_post_padding                   0x080020e0   Section       36  printf6.o(i._printf_post_padding)
    _printf_post_padding                     0x080020e1   Thumb Code    36  printf6.o(i._printf_post_padding)
    i._printf_pre_padding                    0x08002104   Section       44  printf6.o(i._printf_pre_padding)
    _printf_pre_padding                      0x08002105   Thumb Code    44  printf6.o(i._printf_pre_padding)
    i._sputc                                 0x08002130   Section       10  printf6.o(i._sputc)
    _sputc                                   0x08002131   Thumb Code    10  printf6.o(i._sputc)
    i.free                                   0x0800213c   Section       80  malloc.o(i.free)
    i.getc                                   0x0800218c   Section        4  getc.o(i.getc)
    i.malloc                                 0x08002190   Section      108  malloc.o(i.malloc)
    .constdata                               0x080021fc   Section      128  lcd.o(.constdata)
    .data                                    0x20000000   Section       12  retarget.o(.data)
    .data                                    0x2000000c   Section       16  stimpattern.o(.data)
    progress                                 0x2000000c   Data           2  stimpattern.o(.data)
    source                                   0x2000000e   Data           2  stimpattern.o(.data)
    sink                                     0x20000010   Data           2  stimpattern.o(.data)
    v1                                       0x20000012   Data           2  stimpattern.o(.data)
    v2                                       0x20000014   Data           2  stimpattern.o(.data)
    Pattern                                  0x20000018   Data           4  stimpattern.o(.data)
    .data                                    0x2000001c   Section       12  serial.o(.data)
    tx_restart                               0x2000001c   Data           4  serial.o(.data)
    DataAvailable                            0x20000020   Data           4  serial.o(.data)
    RoomLeft                                 0x20000024   Data           4  serial.o(.data)
    .data                                    0x20000028   Section       12  lcd.o(.data)
    cursor1                                  0x20000028   Data           4  lcd.o(.data)
    cursor0                                  0x20000030   Data           4  lcd.o(.data)
    .data                                    0x20000034   Section       88  os.o(.data)
    CSStart                                  0x20000048   Data           4  os.o(.data)
    TimeDisabled                             0x2000004c   Data           4  os.o(.data)
    MaxTimeDisabled                          0x20000050   Data           4  os.o(.data)
    TotalTimeDisabled                        0x20000054   Data           4  os.o(.data)
    firstExecution                           0x20000060   Data           4  os.o(.data)
    BoxFree                                  0x2000007c   Data           4  os.o(.data)
    DataValid                                0x20000080   Data           4  os.o(.data)
    DataAvai                                 0x20000084   Data           4  os.o(.data)
    RoomLeft                                 0x20000088   Data           4  os.o(.data)
    .data                                    0x2000008c   Section      432  main.o(.data)
    .data                                    0x2000023c   Section        4  mvars.o(.data)
    .data                                    0x20000240   Section        4  mvars.o(.data)
    .bss                                     0x20000244   Section      528  serial.o(.bss)
    rbuf                                     0x20000244   Data         264  serial.o(.bss)
    tbuf                                     0x2000034c   Data         264  serial.o(.bss)
    .bss                                     0x20000454   Section     9364  os.o(.bss)
    Fifo                                     0x200028d4   Data          20  os.o(.bss)
    .bss                                     0x200028e8   Section      416  main.o(.bss)
    HEAP                                     0x20002a88   Section        0  stm32f10x.o(HEAP)
    STACK                                    0x20002a88   Section      512  stm32f10x.o(STACK)

    Global Symbols

    Symbol Name                              Value     Ov Type        Size  Object(Section)

    BuildAttributes$$THM_ISAv4$P$D$K$B$S$PE$A:L22UL41UL21$X:L11$S22US41US21$IEEE1$IW$USESV6$~STKCKD$USESV7$~SHL$OSPACE$ROPI$EBA8$MICROLIB$REQ8$PRES8$EABIv2 0x00000000   Number         0  anon$$obj.o ABSOLUTE
    __ARM_use_no_argv                        0x00000000   Number         0  main.o ABSOLUTE
    __use_no_errno                           0x00000000   Number         0  useno.o ABSOLUTE
    __use_no_exception_handling              0x00000000   Number         0  useno.o ABSOLUTE
    __use_no_fp                              0x00000000   Number         0  useno.o ABSOLUTE
    __use_no_heap                            0x00000000   Number         0  useno.o ABSOLUTE
    __use_no_heap_region                     0x00000000   Number         0  useno.o ABSOLUTE
    __use_no_semihosting                     0x00000000   Number         0  useno.o ABSOLUTE
    __use_no_semihosting_swi                 0x00000000   Number         0  useno.o ABSOLUTE
    __use_no_signal_handling                 0x00000000   Number         0  useno.o ABSOLUTE
    _printf_a                                0x00000000   Number         0  stubs.o ABSOLUTE
    _printf_c                                0x00000000   Number         0  stubs.o ABSOLUTE
    _printf_charcount                        0x00000000   Number         0  stubs.o ABSOLUTE
    _printf_d                                0x00000000   Number         0  stubs.o ABSOLUTE
    _printf_e                                0x00000000   Number         0  stubs.o ABSOLUTE
    _printf_f                                0x00000000   Number         0  stubs.o ABSOLUTE
    _printf_flags                            0x00000000   Number         0  stubs.o ABSOLUTE
    _printf_fp_dec                           0x00000000   Number         0  stubs.o ABSOLUTE
    _printf_fp_hex                           0x00000000   Number         0  stubs.o ABSOLUTE
    _printf_g                                0x00000000   Number         0  stubs.o ABSOLUTE
    _printf_i                                0x00000000   Number         0  stubs.o ABSOLUTE
    _printf_int_dec                          0x00000000   Number         0  stubs.o ABSOLUTE
    _printf_l                                0x00000000   Number         0  stubs.o ABSOLUTE
    _printf_lc                               0x00000000   Number         0  stubs.o ABSOLUTE
    _printf_ll                               0x00000000   Number         0  stubs.o ABSOLUTE
    _printf_lld                              0x00000000   Number         0  stubs.o ABSOLUTE
    _printf_lli                              0x00000000   Number         0  stubs.o ABSOLUTE
    _printf_llo                              0x00000000   Number         0  stubs.o ABSOLUTE
    _printf_llu                              0x00000000   Number         0  stubs.o ABSOLUTE
    _printf_llx                              0x00000000   Number         0  stubs.o ABSOLUTE
    _printf_longlong_dec                     0x00000000   Number         0  stubs.o ABSOLUTE
    _printf_longlong_hex                     0x00000000   Number         0  stubs.o ABSOLUTE
    _printf_longlong_oct                     0x00000000   Number         0  stubs.o ABSOLUTE
    _printf_ls                               0x00000000   Number         0  stubs.o ABSOLUTE
    _printf_mbtowc                           0x00000000   Number         0  stubs.o ABSOLUTE
    _printf_n                                0x00000000   Number         0  stubs.o ABSOLUTE
    _printf_o                                0x00000000   Number         0  stubs.o ABSOLUTE
    _printf_p                                0x00000000   Number         0  stubs.o ABSOLUTE
    _printf_percent                          0x00000000   Number         0  stubs.o ABSOLUTE
    _printf_pre_padding                      0x00000000   Number         0  stubs.o ABSOLUTE
    _printf_return_value                     0x00000000   Number         0  stubs.o ABSOLUTE
    _printf_s                                0x00000000   Number         0  stubs.o ABSOLUTE
    _printf_sizespec                         0x00000000   Number         0  stubs.o ABSOLUTE
    _printf_str                              0x00000000   Number         0  stubs.o ABSOLUTE
    _printf_truncate_signed                  0x00000000   Number         0  stubs.o ABSOLUTE
    _printf_truncate_unsigned                0x00000000   Number         0  stubs.o ABSOLUTE
    _printf_u                                0x00000000   Number         0  stubs.o ABSOLUTE
    _printf_wc                               0x00000000   Number         0  stubs.o ABSOLUTE
    _printf_wctomb                           0x00000000   Number         0  stubs.o ABSOLUTE
    _printf_widthprec                        0x00000000   Number         0  stubs.o ABSOLUTE
    _printf_x                                0x00000000   Number         0  stubs.o ABSOLUTE
    _scanf_longlong                           - Undefined Weak Reference
    _scanf_real                               - Undefined Weak Reference
    _scanf_string                             - Undefined Weak Reference
    __Vectors                                0x08000000   Data           4  stm32f10x.o(RESET)
    __main                                   0x080000ed   Thumb Code     0  entry.o(.ARM.Collect$$$$00000000)
    _main_stk                                0x080000ed   Thumb Code     0  entry2.o(.ARM.Collect$$$$00000001)
    _main_scatterload                        0x080000f1   Thumb Code     0  entry5.o(.ARM.Collect$$$$00000004)
    __main_after_scatterload                 0x080000f5   Thumb Code     0  entry5.o(.ARM.Collect$$$$00000004)
    _main_init                               0x080000f5   Thumb Code     0  entry7.o(.ARM.Collect$$$$00000007)
    OS_CPU_SR_Save                           0x08000101   Thumb Code     8  os.o(.emb_text)
    OS_CPU_SR_Restore                        0x08000109   Thumb Code     6  os.o(.emb_text)
    ContextSwitch                            0x0800010f   Thumb Code    10  os.o(.emb_text)
    __WFI                                    0x0800011d   Thumb Code     4  os.o(.emb_text)
    PendSV_Handler                           0x08000121   Thumb Code    56  os.o(.emb_text)
    Reset_Handler                            0x08000165   Thumb Code     4  stm32f10x.o(.text)
    NMI_Handler                              0x08000169   Thumb Code     2  stm32f10x.o(.text)
    HardFault_Handler                        0x0800016b   Thumb Code     2  stm32f10x.o(.text)
    MemManage_Handler                        0x0800016d   Thumb Code     2  stm32f10x.o(.text)
    BusFault_Handler                         0x0800016f   Thumb Code     2  stm32f10x.o(.text)
    UsageFault_Handler                       0x08000171   Thumb Code     2  stm32f10x.o(.text)
    SVC_Handler                              0x08000173   Thumb Code     2  stm32f10x.o(.text)
    DebugMon_Handler                         0x08000175   Thumb Code     2  stm32f10x.o(.text)
    ADC_IRQHandler                           0x0800017b   Thumb Code     0  stm32f10x.o(.text)
    CAN_RX1_IRQHandler                       0x0800017b   Thumb Code     0  stm32f10x.o(.text)
    CAN_SCE_IRQHandler                       0x0800017b   Thumb Code     0  stm32f10x.o(.text)
    DMAChannel1_IRQHandler                   0x0800017b   Thumb Code     0  stm32f10x.o(.text)
    DMAChannel2_IRQHandler                   0x0800017b   Thumb Code     0  stm32f10x.o(.text)
    DMAChannel3_IRQHandler                   0x0800017b   Thumb Code     0  stm32f10x.o(.text)
    DMAChannel4_IRQHandler                   0x0800017b   Thumb Code     0  stm32f10x.o(.text)
    DMAChannel5_IRQHandler                   0x0800017b   Thumb Code     0  stm32f10x.o(.text)
    DMAChannel6_IRQHandler                   0x0800017b   Thumb Code     0  stm32f10x.o(.text)
    DMAChannel7_IRQHandler                   0x0800017b   Thumb Code     0  stm32f10x.o(.text)
    EXTI15_10_IRQHandler                     0x0800017b   Thumb Code     0  stm32f10x.o(.text)
    EXTI1_IRQHandler                         0x0800017b   Thumb Code     0  stm32f10x.o(.text)
    EXTI2_IRQHandler                         0x0800017b   Thumb Code     0  stm32f10x.o(.text)
    EXTI3_IRQHandler                         0x0800017b   Thumb Code     0  stm32f10x.o(.text)
    EXTI4_IRQHandler                         0x0800017b   Thumb Code     0  stm32f10x.o(.text)
    EXTI9_5_IRQHandler                       0x0800017b   Thumb Code     0  stm32f10x.o(.text)
    FLASH_IRQHandler                         0x0800017b   Thumb Code     0  stm32f10x.o(.text)
    I2C1_ER_IRQHandler                       0x0800017b   Thumb Code     0  stm32f10x.o(.text)
    I2C1_EV_IRQHandler                       0x0800017b   Thumb Code     0  stm32f10x.o(.text)
    I2C2_ER_IRQHandler                       0x0800017b   Thumb Code     0  stm32f10x.o(.text)
    I2C2_EV_IRQHandler                       0x0800017b   Thumb Code     0  stm32f10x.o(.text)
    PVD_IRQHandler                           0x0800017b   Thumb Code     0  stm32f10x.o(.text)
    RCC_IRQHandler                           0x0800017b   Thumb Code     0  stm32f10x.o(.text)
    RTCAlarm_IRQHandler                      0x0800017b   Thumb Code     0  stm32f10x.o(.text)
    RTC_IRQHandler                           0x0800017b   Thumb Code     0  stm32f10x.o(.text)
    SPI1_IRQHandler                          0x0800017b   Thumb Code     0  stm32f10x.o(.text)
    SPI2_IRQHandler                          0x0800017b   Thumb Code     0  stm32f10x.o(.text)
    TIM1_BRK_IRQHandler                      0x0800017b   Thumb Code     0  stm32f10x.o(.text)
    TIM1_CC_IRQHandler                       0x0800017b   Thumb Code     0  stm32f10x.o(.text)
    TIM1_TRG_COM_IRQHandler                  0x0800017b   Thumb Code     0  stm32f10x.o(.text)
    TIM4_IRQHandler                          0x0800017b   Thumb Code     0  stm32f10x.o(.text)
    USART2_IRQHandler                        0x0800017b   Thumb Code     0  stm32f10x.o(.text)
    USART3_IRQHandler                        0x0800017b   Thumb Code     0  stm32f10x.o(.text)
    USBWakeUp_IRQHandler                     0x0800017b   Thumb Code     0  stm32f10x.o(.text)
    USB_HP_CAN_TX_IRQHandler                 0x0800017b   Thumb Code     0  stm32f10x.o(.text)
    USB_LP_CAN_RX0_IRQHandler                0x0800017b   Thumb Code     0  stm32f10x.o(.text)
    WWDG_IRQHandler                          0x0800017b   Thumb Code     0  stm32f10x.o(.text)
    fputc                                    0x08000181   Thumb Code    14  retarget.o(.text)
    fgetc                                    0x0800018f   Thumb Code    10  retarget.o(.text)
    ferror                                   0x08000199   Thumb Code     8  retarget.o(.text)
    _ttywrch                                 0x080001a1   Thumb Code    12  retarget.o(.text)
    _sys_exit                                0x080001ad   Thumb Code     4  retarget.o(.text)
    StimPattern_Print                        0x080001b1   Thumb Code    34  stimpattern.o(.text)
    StimPattern_Progress                     0x080001d3   Thumb Code     8  stimpattern.o(.text)
    StimPattern_Init                         0x080001db   Thumb Code   162  stimpattern.o(.text)
    StimPattern_Next                         0x080002f5   Thumb Code   422  stimpattern.o(.text)
    Switch_VoltageMeasurement                0x080004d5   Thumb Code    78  switching.o(.text)
    Switch_CurrentInjection                  0x08000523   Thumb Code    64  switching.o(.text)
    Switch_Init                              0x08000563   Thumb Code    28  switching.o(.text)
    Switch_DisableVoltageMeasurement         0x0800057f   Thumb Code    16  switching.o(.text)
    Switch_EnableVoltageMeasurement          0x0800058f   Thumb Code    16  switching.o(.text)
    Switch_DisableCurrent                    0x0800059f   Thumb Code    16  switching.o(.text)
    Switch_EnableCurrent                     0x080005af   Thumb Code    16  switching.o(.text)
    ADC_Open                                 0x080005cd   Thumb Code    52  adc.o(.text)
    ADC_In                                   0x08000601   Thumb Code    52  adc.o(.text)
    USART1_IRQHandler                        0x08000649   Thumb Code   164  serial.o(.text)
    Serial_Open                              0x080006ed   Thumb Code    48  serial.o(.text)
    Serial_SendChar                          0x0800071d   Thumb Code    66  serial.o(.text)
    Serial_GetChar                           0x0800075f   Thumb Code    28  serial.o(.text)
    Serial_GetLine                           0x0800077b   Thumb Code    78  serial.o(.text)
    lcdPutchar                               0x0800093d   Thumb Code    12  lcd.o(.text)
    LCD_Clear                                0x080009d1   Thumb Code    42  lcd.o(.text)
    LCD_Init                                 0x080009fb   Thumb Code   190  lcd.o(.text)
    LCD_SetCursor                            0x08000ab9   Thumb Code    28  lcd.o(.text)
    LCD_Print                                0x08000ad5   Thumb Code    70  lcd.o(.text)
    LCD_PutChar                              0x08000b1b   Thumb Code    30  lcd.o(.text)
    printUInt                                0x08000b39   Thumb Code    26  lcd.o(.text)
    LCD_PrintUInt                            0x08000b53   Thumb Code    28  lcd.o(.text)
    LCD_Message                              0x08000b6f   Thumb Code    64  lcd.o(.text)
    OS_Time                                  0x08000c25   Thumb Code     6  os.o(.text)
    OS_TimeDifference                        0x08000c2b   Thumb Code     8  os.o(.text)
    Schedule                                 0x08000c33   Thumb Code   140  os.o(.text)
    EXTI0_IRQHandler                         0x08000cbf   Thumb Code    34  os.o(.text)
    TIM1_UP_IRQHandler                       0x08000ce1   Thumb Code   130  os.o(.text)
    TIM2_IRQHandler                          0x08000d63   Thumb Code   104  os.o(.text)
    TIM3_IRQHandler                          0x08000dcb   Thumb Code    36  os.o(.text)
    TAMPER_IRQHandler                        0x08000def   Thumb Code    88  os.o(.text)
    SysTick_Handler                          0x08000e47   Thumb Code    72  os.o(.text)
    OS_Init                                  0x08000e8f   Thumb Code    24  os.o(.text)
    OS_ClearMsTime                           0x08000ea7   Thumb Code     8  os.o(.text)
    OS_MsTime                                0x08000eaf   Thumb Code     6  os.o(.text)
    OS_InitSemaphore                         0x08000eb5   Thumb Code     4  os.o(.text)
    OS_Suspend                               0x08000eb9   Thumb Code    12  os.o(.text)
    OS_Wait                                  0x08000ec5   Thumb Code   118  os.o(.text)
    OS_Signal                                0x08000f3b   Thumb Code   330  os.o(.text)
    OS_bWait                                 0x08001085   Thumb Code    12  os.o(.text)
    OS_bSignal                               0x08001091   Thumb Code    12  os.o(.text)
    StackInit                                0x0800109d   Thumb Code   150  os.o(.text)
    OS_AddThread                             0x08001133   Thumb Code   514  os.o(.text)
    OS_Id                                    0x08001335   Thumb Code     8  os.o(.text)
    OS_AddPeriodicThread                     0x0800133d   Thumb Code   328  os.o(.text)
    OS_AddButtonTask                         0x08001485   Thumb Code    48  os.o(.text)
    OS_AddWakeupTask                         0x080014b5   Thumb Code    28  os.o(.text)
    OS_DisableWakeUpTask                     0x080014d1   Thumb Code    10  os.o(.text)
    OS_Sleep                                 0x080014db   Thumb Code    24  os.o(.text)
    OS_Kill                                  0x080014f3   Thumb Code   148  os.o(.text)
    OS_Fifo_Init                             0x08001587   Thumb Code    72  os.o(.text)
    OS_Fifo_Put                              0x080015cf   Thumb Code    70  os.o(.text)
    OS_Fifo_Get                              0x08001615   Thumb Code    66  os.o(.text)
    OS_Fifo_Size                             0x08001657   Thumb Code     6  os.o(.text)
    OS_MailBox_Init                          0x0800165d   Thumb Code    30  os.o(.text)
    OS_MailBox_Send                          0x0800167b   Thumb Code    26  os.o(.text)
    OS_MailBox_Recv                          0x08001695   Thumb Code    26  os.o(.text)
    OS_MaxTimeDisabled                       0x080016af   Thumb Code     8  os.o(.text)
    OS_TotalTimeDisabled                     0x080016b7   Thumb Code     8  os.o(.text)
    OS_PercentTimeDisabled                   0x080016bf   Thumb Code    44  os.o(.text)
    IdleTask                                 0x080016eb   Thumb Code     4  os.o(.text)
    OS_Launch                                0x080016ef   Thumb Code    54  os.o(.text)
    stm32_Init                               0x08001751   Thumb Code   254  stm32_init.o(.text)
    stm32_GetPCLK1                           0x0800184f   Thumb Code     4  stm32_init.o(.text)
    stm32_GetPCLK2                           0x08001853   Thumb Code     4  stm32_init.o(.text)
    StoreMeasurement                         0x08001969   Thumb Code    18  main.o(.text)
    Ping                                     0x0800197b   Thumb Code    32  main.o(.text)
    PingADC                                  0x0800199b   Thumb Code    60  main.o(.text)
    Simulation                               0x080019d7   Thumb Code    64  main.o(.text)
    EIT_FrameMeasurement                     0x08001a17   Thumb Code   130  main.o(.text)
    Transmit_Measurements                    0x08001a99   Thumb Code    58  main.o(.text)
    CommandReceiver                          0x08001ad3   Thumb Code   420  main.o(.text)
    main                                     0x08001c77   Thumb Code    48  main.o(.text)
    strlen                                   0x08001cc5   Thumb Code    16  strlen.o(.text)
    __aeabi_uidiv                            0x08001cd5   Thumb Code     0  uidiv.o(.text)
    __aeabi_uidivmod                         0x08001cd5   Thumb Code    44  uidiv.o(.text)
    __scatterload                            0x08001d01   Thumb Code    28  init.o(.text)
    __scatterload_rt2                        0x08001d01   Thumb Code     0  init.o(.text)
    __decompress                             0x08001d25   Thumb Code     0  __dczerorl2.o(.text)
    __decompress1                            0x08001d25   Thumb Code    88  __dczerorl2.o(.text)
    __0printf$6                              0x08001d7d   Thumb Code    22  printf6.o(i.__0printf$6)
    __1printf$6                              0x08001d7d   Thumb Code     0  printf6.o(i.__0printf$6)
    __2printf                                0x08001d7d   Thumb Code     0  printf6.o(i.__0printf$6)
    __0sprintf$6                             0x08001d9d   Thumb Code    34  printf6.o(i.__0sprintf$6)
    __1sprintf$6                             0x08001d9d   Thumb Code     0  printf6.o(i.__0sprintf$6)
    __2sprintf                               0x08001d9d   Thumb Code     0  printf6.o(i.__0sprintf$6)
    __scatterload_copy                       0x08001dc5   Thumb Code    14  handlers.o(i.__scatterload_copy)
    __scatterload_null                       0x08001dd3   Thumb Code     2  handlers.o(i.__scatterload_null)
    __scatterload_zeroinit                   0x08001dd5   Thumb Code    14  handlers.o(i.__scatterload_zeroinit)
    free                                     0x0800213d   Thumb Code    76  malloc.o(i.free)
    getc                                     0x0800218d   Thumb Code     4  getc.o(i.getc)
    malloc                                   0x08002191   Thumb Code    90  malloc.o(i.malloc)
    SWAP_DATA                                0x080021fc   Data          64  lcd.o(.constdata)
    UserFont                                 0x0800223c   Data          64  lcd.o(.constdata)
    Region$$Table$$Base                      0x0800227c   Number         0  anon$$obj.o(Region$$Table)
    Region$$Table$$Limit                     0x0800229c   Number         0  anon$$obj.o(Region$$Table)
    __stdout                                 0x20000000   Data           4  retarget.o(.data)
    __stdin                                  0x20000004   Data           4  retarget.o(.data)
    __stderr                                 0x20000008   Data           4  retarget.o(.data)
    LCDFree                                  0x2000002c   Data           4  lcd.o(.data)
    msTime                                   0x20000034   Data           4  os.o(.data)
    pendSVactive                             0x20000038   Data           4  os.o(.data)
    LastUsedID                               0x2000003c   Data           4  os.o(.data)
    MaxJitter1                               0x20000040   Data           4  os.o(.data)
    MinJitter1                               0x20000044   Data           4  os.o(.data)
    RunPt                                    0x20000058   Data           4  os.o(.data)
    NextThread                               0x2000005c   Data           4  os.o(.data)
    mailBox                                  0x20000064   Data           4  os.o(.data)
    NumSample                                0x20000068   Data           4  os.o(.data)
    PeriodicTask1                            0x2000006c   Data           4  os.o(.data)
    PeriodicTask2                            0x20000070   Data           4  os.o(.data)
    ButtonTask                               0x20000074   Data           4  os.o(.data)
    WakeUpTask                               0x20000078   Data           4  os.o(.data)
    TestData                                 0x2000008c   Data         416  main.o(.data)
    MeasurementHalves                        0x2000022c   Data           2  main.o(.data)
    StoringData                              0x20000230   Data           4  main.o(.data)
    Pattern                                  0x20000234   Data           4  main.o(.data)
    Idling                                   0x20000238   Data           4  main.o(.data)
    __microlib_freelist                      0x2000023c   Data           4  mvars.o(.data)
    __microlib_freelist_initialised          0x20000240   Data           4  mvars.o(.data)
    JitterHistogram1                         0x20000454   Data        1024  os.o(.bss)
    Stacks                                   0x20000854   Data        8192  os.o(.bss)
    Tasks                                    0x20002854   Data         128  os.o(.bss)
    StoredMeasurements                       0x200028e8   Data         416  main.o(.bss)
    __heap_base                              0x20002a88   Data           0  stm32f10x.o(HEAP)
    __heap_limit                             0x20002a88   Data           0  stm32f10x.o(HEAP)
    __initial_sp                             0x20002c88   Data           0  stm32f10x.o(STACK)



==============================================================================

Memory Map of the image

  Image Entry point : 0x080000ed

  Load Region LR_IROM1 (Base: 0x08000000, Size: 0x000024e0, Max: 0x00020000, ABSOLUTE, COMPRESSED[0x00002430])

    Execution Region ER_IROM1 (Base: 0x08000000, Size: 0x0000229c, Max: 0x00020000, ABSOLUTE)

    Base Addr    Size         Type   Attr      Idx    E Section Name        Object

    0x08000000   0x000000ec   Data   RO            3    RESET               stm32f10x.o
    0x080000ec   0x00000000   Code   RO          297  * .ARM.Collect$$$$00000000  entry.o(mc_w.l)
    0x080000ec   0x00000004   Code   RO          589    .ARM.Collect$$$$00000001  entry2.o(mc_w.l)
    0x080000f0   0x00000004   Code   RO          592    .ARM.Collect$$$$00000004  entry5.o(mc_w.l)
    0x080000f4   0x00000008   Code   RO          593    .ARM.Collect$$$$00000007  entry7.o(mc_w.l)
    0x080000fc   0x00000004   Code   RO          590    .ARM.Collect$$$$00002712  entry2.o(mc_w.l)
    0x08000100   0x00000064   Code   RO          231    .emb_text           os.o
    0x08000164   0x0000001c   Code   RO            4    .text               stm32f10x.o
    0x08000180   0x00000030   Code   RO           10    .text               retarget.o
    0x080001b0   0x00000324   Code   RO          146    .text               stimpattern.o
    0x080004d4   0x000000f8   Code   RO          160    .text               switching.o
    0x080005cc   0x0000007c   Code   RO          172    .text               adc.o
    0x08000648   0x0000019c   Code   RO          184    .text               serial.o
    0x080007e4   0x00000408   Code   RO          205    .text               lcd.o
    0x08000bec   0x00000b64   Code   RO          232    .text               os.o
    0x08001750   0x00000218   Code   RO          254    .text               stm32_init.o
    0x08001968   0x0000035c   Code   RO          269    .text               main.o
    0x08001cc4   0x00000010   Code   RO          302    .text               strlen.o(mc_w.l)
    0x08001cd4   0x0000002c   Code   RO          594    .text               uidiv.o(mc_w.l)
    0x08001d00   0x00000024   Code   RO          621    .text               init.o(mc_w.l)
    0x08001d24   0x00000058   Code   RO          644    .text               __dczerorl2.o(mc_w.l)
    0x08001d7c   0x00000020   Code   RO          467    i.__0printf$6       printf6.o(mc_w.l)
    0x08001d9c   0x00000028   Code   RO          469    i.__0sprintf$6      printf6.o(mc_w.l)
    0x08001dc4   0x0000000e   Code   RO          638    i.__scatterload_copy  handlers.o(mc_w.l)
    0x08001dd2   0x00000002   Code   RO          639    i.__scatterload_null  handlers.o(mc_w.l)
    0x08001dd4   0x0000000e   Code   RO          640    i.__scatterload_zeroinit  handlers.o(mc_w.l)
    0x08001de2   0x00000002   PAD
    0x08001de4   0x000002fc   Code   RO          474    i._printf_core      printf6.o(mc_w.l)
    0x080020e0   0x00000024   Code   RO          475    i._printf_post_padding  printf6.o(mc_w.l)
    0x08002104   0x0000002c   Code   RO          476    i._printf_pre_padding  printf6.o(mc_w.l)
    0x08002130   0x0000000a   Code   RO          478    i._sputc            printf6.o(mc_w.l)
    0x0800213a   0x00000002   PAD
    0x0800213c   0x00000050   Code   RO          573    i.free              malloc.o(mc_w.l)
    0x0800218c   0x00000004   Code   RO          300    i.getc              getc.o(mc_w.l)
    0x08002190   0x0000006c   Code   RO          574    i.malloc            malloc.o(mc_w.l)
    0x080021fc   0x00000080   Data   RO          206    .constdata          lcd.o
    0x0800227c   0x00000020   Data   RO          636    Region$$Table       anon$$obj.o


    Execution Region RW_IRAM1 (Base: 0x20000000, Size: 0x00002c88, Max: 0x00005000, ABSOLUTE, COMPRESSED[0x00000194])

    Base Addr    Size         Type   Attr      Idx    E Section Name        Object

    0x20000000   0x0000000c   Data   RW           11    .data               retarget.o
    0x2000000c   0x00000010   Data   RW          147    .data               stimpattern.o
    0x2000001c   0x0000000c   Data   RW          186    .data               serial.o
    0x20000028   0x0000000c   Data   RW          207    .data               lcd.o
    0x20000034   0x00000058   Data   RW          234    .data               os.o
    0x2000008c   0x000001b0   Data   RW          271    .data               main.o
    0x2000023c   0x00000004   Data   RW          602    .data               mvars.o(mc_w.l)
    0x20000240   0x00000004   Data   RW          603    .data               mvars.o(mc_w.l)
    0x20000244   0x00000210   Zero   RW          185    .bss                serial.o
    0x20000454   0x00002494   Zero   RW          233    .bss                os.o
    0x200028e8   0x000001a0   Zero   RW          270    .bss                main.o
    0x20002a88   0x00000000   Zero   RW            2    HEAP                stm32f10x.o
    0x20002a88   0x00000200   Zero   RW            1    STACK               stm32f10x.o


==============================================================================

Image component sizes


      Code (inc. data)   RO Data    RW Data    ZI Data      Debug   Object Name

       124         20          0          0          0        610   adc.o
      1032         62        128         12          0       5253   lcd.o
       860         30          0        432        416       3386   main.o
      3016        188          0         88       9364      11774   os.o
        48          0          0         12          0       4194   retarget.o
       412         28          0         12        528       2698   serial.o
       804         58          0         16          0       1599   stimpattern.o
       536         58          0          0          0       6859   stm32_init.o
        28          4        236          0        512        432   stm32f10x.o
       248         14          0          0          0       1684   switching.o

    ----------------------------------------------------------------------
      7108        462        396        572      10820      38489   Object Totals
         0          0         32          0          0          0   (incl. Generated)
         0          0          0          0          0          1   (incl. Padding)

    ----------------------------------------------------------------------

      Code (inc. data)   RO Data    RW Data    ZI Data      Debug   Library Member Name

        88          0          0          0          0          0   __dczerorl2.o
         0          0          0          0          0          0   entry.o
         8          4          0          0          0          0   entry2.o
         4          0          0          0          0          0   entry5.o
         8          4          0          0          0          0   entry7.o
         4          0          0          0          0         68   getc.o
        30          0          0          0          0          0   handlers.o
        36          8          0          0          0         68   init.o
       188         22          0          0          0        156   malloc.o
         0          0          0          8          0          0   mvars.o
       926         20          0          0          0        496   printf6.o
        16          0          0          0          0         68   strlen.o
        44          0          0          0          0         76   uidiv.o

    ----------------------------------------------------------------------
      1356         58          0          8          0        932   Library Totals
         4          0          0          0          0          0   (incl. Padding)

    ----------------------------------------------------------------------

      Code (inc. data)   RO Data    RW Data    ZI Data      Debug   Library Name

      1352         58          0          8          0        932   mc_w.l

    ----------------------------------------------------------------------
      1356         58          0          8          0        932   Library Totals

    ----------------------------------------------------------------------

==============================================================================


      Code (inc. data)   RO Data    RW Data    ZI Data      Debug   

      8464        520        396        580      10820      38172   Grand Totals
      8464        520        396        404      10820      38172   ELF Image Totals (compressed)
      8464        520        396        404          0          0   ROM Totals

==============================================================================

    Total RO  Size (Code + RO Data)                 8860 (   8.65kB)
    Total RW  Size (RW Data + ZI Data)             11400 (  11.13kB)
    Total ROM Size (Code + RO Data + RW Data)       9264 (   9.05kB)

==============================================================================

